###############################################################################
#
# IAR ELF Linker V8.11.1.13263/W32 for ARM                25/May/2017  18:17:26
# Copyright 2007-2017 IAR Systems AB.
#
#    Output file  =  D:\github\clenflight\iar_cf\Debug\Exe\iar_cf.out
#    Map file     =  D:\github\clenflight\iar_cf\Debug\List\iar_cf.map
#    Command line =  
#        -f C:\Users\ADMINI~1\AppData\Local\Temp\EW920E.tmp
#        (D:\github\clenflight\iar_cf\Debug\Obj\bsp.o
#        D:\github\clenflight\iar_cf\Debug\Obj\main.o
#        D:\github\clenflight\iar_cf\Debug\Obj\startup_stm32f303xc.o
#        D:\github\clenflight\iar_cf\Debug\Obj\stm32f30x_adc.o
#        D:\github\clenflight\iar_cf\Debug\Obj\stm32f30x_can.o
#        D:\github\clenflight\iar_cf\Debug\Obj\stm32f30x_comp.o
#        D:\github\clenflight\iar_cf\Debug\Obj\stm32f30x_crc.o
#        D:\github\clenflight\iar_cf\Debug\Obj\stm32f30x_dac.o
#        D:\github\clenflight\iar_cf\Debug\Obj\stm32f30x_dbgmcu.o
#        D:\github\clenflight\iar_cf\Debug\Obj\stm32f30x_dma.o
#        D:\github\clenflight\iar_cf\Debug\Obj\stm32f30x_exti.o
#        D:\github\clenflight\iar_cf\Debug\Obj\stm32f30x_flash.o
#        D:\github\clenflight\iar_cf\Debug\Obj\stm32f30x_fmc.o
#        D:\github\clenflight\iar_cf\Debug\Obj\stm32f30x_gpio.o
#        D:\github\clenflight\iar_cf\Debug\Obj\stm32f30x_hrtim.o
#        D:\github\clenflight\iar_cf\Debug\Obj\stm32f30x_i2c.o
#        D:\github\clenflight\iar_cf\Debug\Obj\stm32f30x_it.o
#        D:\github\clenflight\iar_cf\Debug\Obj\stm32f30x_iwdg.o
#        D:\github\clenflight\iar_cf\Debug\Obj\stm32f30x_misc.o
#        D:\github\clenflight\iar_cf\Debug\Obj\stm32f30x_opamp.o
#        D:\github\clenflight\iar_cf\Debug\Obj\stm32f30x_pwr.o
#        D:\github\clenflight\iar_cf\Debug\Obj\stm32f30x_rcc.o
#        D:\github\clenflight\iar_cf\Debug\Obj\stm32f30x_rtc.o
#        D:\github\clenflight\iar_cf\Debug\Obj\stm32f30x_spi.o
#        D:\github\clenflight\iar_cf\Debug\Obj\stm32f30x_syscfg.o
#        D:\github\clenflight\iar_cf\Debug\Obj\stm32f30x_tim.o
#        D:\github\clenflight\iar_cf\Debug\Obj\stm32f30x_usart.o
#        D:\github\clenflight\iar_cf\Debug\Obj\stm32f30x_wwdg.o
#        D:\github\clenflight\iar_cf\Debug\Obj\system_stm32f30x.o -o
#        D:\github\clenflight\iar_cf\Debug\Exe\iar_cf.out --map
#        D:\github\clenflight\iar_cf\Debug\List\iar_cf.map --config
#        D:\IAR\arm\config\linker\ST\stm32f303xC.icf --semihosting --entry
#        __iar_program_start --vfe --text_out locale)
#
###############################################################################

*******************************************************************************
*** RUNTIME MODEL ATTRIBUTES
***

CppFlavor       = *
__SystemLibrary = DLib
__dlib_version  = 6


*******************************************************************************
*** HEAP SELECTION
***

The basic heap was selected because no calls to memory allocation
functions were found in the application outside of system library
functions, and there are calls to deallocation functions in the
application.


*******************************************************************************
*** PLACEMENT SUMMARY
***

"A0":  place at 0x08000000 { ro section .intvec };
"P1":  place in [from 0x08000000 to 0x0803ffff] { ro };
"P2":  place in [from 0x20000000 to 0x20009fff] { rw, block CSTACK, block HEAP };

  Section   Kind        Address    Size  Object
  -------   ----        -------    ----  ------
"A0":                             0x188
  .intvec   ro code  0x08000000   0x188  startup_stm32f303xc.o [1]
                   - 0x08000188   0x188

"P1":                             0x444
  .text     ro code  0x08000188   0x164  system_stm32f30x.o [1]
  .text     ro code  0x080002ec    0xa6  stm32f30x_gpio.o [1]
  .text     ro code  0x08000392    0x12  stm32f30x_it.o [1]
  .text     ro code  0x080003a4    0x48  bsp.o [1]
  .text     ro code  0x080003ec    0x24  stm32f30x_rcc.o [1]
  .text     ro code  0x08000410    0x30  main.o [1]
  .text     ro code  0x08000440    0x22  fpinit_M.o [4]
  .text     ro code  0x08000464    0x1a  cmain.o [5]
  .text     ro code  0x0800047e     0x4  low_level_init.o [3]
  .text     ro code  0x08000482     0x4  exit.o [3]
  .text     ro code  0x08000488     0xa  cexit.o [5]
  .text     ro code  0x08000494    0x14  exit.o [6]
  .text     ro code  0x080004a8    0x10  startup_stm32f303xc.o [1]
  .text     ro code  0x080004b8     0xc  cstartup_M.o [5]
  .text     ro code  0x080004c4     0x4  startup_stm32f303xc.o [1]
  .text     ro code  0x080004c8     0x4  startup_stm32f303xc.o [1]
  .text     ro code  0x080004cc     0x4  startup_stm32f303xc.o [1]
  .text     ro code  0x080004d0     0x4  startup_stm32f303xc.o [1]
  .text     ro code  0x080004d4     0x4  startup_stm32f303xc.o [1]
  .text     ro code  0x080004d8     0x4  startup_stm32f303xc.o [1]
  .text     ro code  0x080004dc     0x4  startup_stm32f303xc.o [1]
  .text     ro code  0x080004e0     0x4  startup_stm32f303xc.o [1]
  .text     ro code  0x080004e4     0x4  startup_stm32f303xc.o [1]
  .text     ro code  0x080004e8     0x4  startup_stm32f303xc.o [1]
  .text     ro code  0x080004ec     0x4  startup_stm32f303xc.o [1]
  .text     ro code  0x080004f0     0x4  startup_stm32f303xc.o [1]
  .text     ro code  0x080004f4     0x4  startup_stm32f303xc.o [1]
  .text     ro code  0x080004f8     0x4  startup_stm32f303xc.o [1]
  .text     ro code  0x080004fc     0x4  startup_stm32f303xc.o [1]
  .text     ro code  0x08000500     0x4  startup_stm32f303xc.o [1]
  .text     ro code  0x08000504     0x4  startup_stm32f303xc.o [1]
  .text     ro code  0x08000508     0x4  startup_stm32f303xc.o [1]
  .text     ro code  0x0800050c     0x4  startup_stm32f303xc.o [1]
  .text     ro code  0x08000510     0x4  startup_stm32f303xc.o [1]
  .text     ro code  0x08000514     0x4  startup_stm32f303xc.o [1]
  .text     ro code  0x08000518     0x4  startup_stm32f303xc.o [1]
  .text     ro code  0x0800051c     0x4  startup_stm32f303xc.o [1]
  .text     ro code  0x08000520     0x4  startup_stm32f303xc.o [1]
  .text     ro code  0x08000524     0x4  startup_stm32f303xc.o [1]
  .text     ro code  0x08000528     0x4  startup_stm32f303xc.o [1]
  .text     ro code  0x0800052c     0x4  startup_stm32f303xc.o [1]
  .text     ro code  0x08000530     0x4  startup_stm32f303xc.o [1]
  .text     ro code  0x08000534     0x4  startup_stm32f303xc.o [1]
  .text     ro code  0x08000538     0x4  startup_stm32f303xc.o [1]
  .text     ro code  0x0800053c     0x4  startup_stm32f303xc.o [1]
  .text     ro code  0x08000540     0x4  startup_stm32f303xc.o [1]
  .text     ro code  0x08000544     0x4  startup_stm32f303xc.o [1]
  .text     ro code  0x08000548     0x4  startup_stm32f303xc.o [1]
  .text     ro code  0x0800054c     0x4  startup_stm32f303xc.o [1]
  .text     ro code  0x08000550     0x4  startup_stm32f303xc.o [1]
  .text     ro code  0x08000554     0x4  startup_stm32f303xc.o [1]
  .text     ro code  0x08000558     0x4  startup_stm32f303xc.o [1]
  .text     ro code  0x0800055c     0x4  startup_stm32f303xc.o [1]
  .text     ro code  0x08000560     0x4  startup_stm32f303xc.o [1]
  .text     ro code  0x08000564     0x4  startup_stm32f303xc.o [1]
  .text     ro code  0x08000568     0x4  startup_stm32f303xc.o [1]
  .text     ro code  0x0800056c     0x4  startup_stm32f303xc.o [1]
  .text     ro code  0x08000570     0x4  startup_stm32f303xc.o [1]
  .text     ro code  0x08000574     0x4  startup_stm32f303xc.o [1]
  .text     ro code  0x08000578     0x4  startup_stm32f303xc.o [1]
  .text     ro code  0x0800057c     0x4  startup_stm32f303xc.o [1]
  .text     ro code  0x08000580     0x4  startup_stm32f303xc.o [1]
  .text     ro code  0x08000584     0x4  startup_stm32f303xc.o [1]
  .text     ro code  0x08000588     0x4  startup_stm32f303xc.o [1]
  .text     ro code  0x0800058c     0x4  startup_stm32f303xc.o [1]
  .text     ro code  0x08000590     0x4  startup_stm32f303xc.o [1]
  .text     ro code  0x08000594     0x4  startup_stm32f303xc.o [1]
  .text     ro code  0x08000598     0x4  startup_stm32f303xc.o [1]
  .text     ro code  0x0800059c     0x4  startup_stm32f303xc.o [1]
  .text     ro code  0x080005a0     0x4  startup_stm32f303xc.o [1]
  .text     ro code  0x080005a4     0x4  startup_stm32f303xc.o [1]
  .text     ro code  0x080005a8     0x4  startup_stm32f303xc.o [1]
  .text     ro code  0x080005ac     0x4  startup_stm32f303xc.o [1]
  .text     ro code  0x080005b0     0x4  startup_stm32f303xc.o [1]
  .text     ro code  0x080005b4     0x4  startup_stm32f303xc.o [1]
  .text     ro code  0x080005b8     0x4  startup_stm32f303xc.o [1]
  .text     ro code  0x080005bc     0x4  startup_stm32f303xc.o [1]
  .text     ro code  0x080005c0     0x4  startup_stm32f303xc.o [1]
  .text     ro code  0x080005c4     0x4  startup_stm32f303xc.o [1]
  .text     ro code  0x080005c8     0x4  startup_stm32f303xc.o [1]
                   - 0x080005cc   0x444

"P2":                            0x2000
  CSTACK             0x20000000  0x2000  <Block>
    CSTACK  uninit   0x20000000  0x2000  <Block tail>
                   - 0x20002000  0x2000



*******************************************************************************
*** MODULE SUMMARY
***

    Module                 ro code  rw data
    ------                 -------  -------
D:\github\clenflight\iar_cf\Debug\Obj: [1]
    bsp.o                       72
    main.o                      48
    startup_stm32f303xc.o      672
    stm32f30x_gpio.o           166
    stm32f30x_it.o              18
    stm32f30x_rcc.o             36
    system_stm32f30x.o         356
    ---------------------------------------
    Total:                   1 368

command line: [2]
    ---------------------------------------
    Total:

dl7M_tln.a: [3]
    exit.o                       4
    low_level_init.o             4
    ---------------------------------------
    Total:                       8

m7M_tls.a: [4]
    fpinit_M.o                  34
    ---------------------------------------
    Total:                      34

rt7M_tl.a: [5]
    cexit.o                     10
    cmain.o                     26
    cstartup_M.o                12
    ---------------------------------------
    Total:                      48

shb_l.a: [6]
    exit.o                      20
    ---------------------------------------
    Total:                      20

    Gaps                         6
    Linker created                    8 192
-------------------------------------------
    Grand Total:             1 484    8 192


*******************************************************************************
*** ENTRY LIST
***

Entry                      Address  Size  Type      Object
-----                      -------  ----  ----      ------
?main                   0x08000465        Code  Gb  cmain.o [5]
BSP_Initializes         0x080003e1   0xc  Code  Gb  bsp.o [1]
BusFault_Handler        0x08000399   0x2  Code  Gb  stm32f30x_it.o [1]
CSTACK$$Base            0x20000000         --   Gb  - Linker created -
CSTACK$$Limit           0x20002000         --   Gb  - Linker created -
DebugMon_Handler        0x0800039f   0x2  Code  Gb  stm32f30x_it.o [1]
GPIO_Basic_Configuration
                        0x080003b3  0x2a  Code  Gb  bsp.o [1]
GPIO_Init               0x080002ed  0xa0  Code  Gb  stm32f30x_gpio.o [1]
GPIO_SetBits            0x0800038d   0x6  Code  Gb  stm32f30x_gpio.o [1]
HardFault_Handler       0x08000395   0x2  Code  Gb  stm32f30x_it.o [1]
MemManage_Handler       0x08000397   0x2  Code  Gb  stm32f30x_it.o [1]
NMI_Handler             0x08000393   0x2  Code  Gb  stm32f30x_it.o [1]
PendSV_Handler          0x080003a1   0x2  Code  Gb  stm32f30x_it.o [1]
RCC_AHBPeriphClockCmd   0x080003ed  0x20  Code  Gb  stm32f30x_rcc.o [1]
RCC_Configuration       0x080003a5   0xe  Code  Gb  bsp.o [1]
Region$$Table$$Base     0x00000000         --   Gb  - Linker created -
Region$$Table$$Limit    0x00000000         --   Gb  - Linker created -
SVC_Handler             0x0800039d   0x2  Code  Gb  stm32f30x_it.o [1]
SetSysClock             0x080001ff  0xc2  Code  Lc  system_stm32f30x.o [1]
SoftwareDelay           0x08000411   0xa  Code  Gb  main.o [1]
SysTick_Handler         0x080003a3   0x2  Code  Gb  stm32f30x_it.o [1]
SystemInit              0x08000189  0x76  Code  Gb  system_stm32f30x.o [1]
System_Initializes      0x0800041b   0x8  Code  Gb  main.o [1]
UsageFault_Handler      0x0800039b   0x2  Code  Gb  stm32f30x_it.o [1]
__cmain                 0x08000465        Code  Gb  cmain.o [5]
__exit                  0x08000495  0x14  Code  Gb  exit.o [6]
__iar_init_vfp          0x08000441        Code  Gb  fpinit_M.o [4]
__iar_program_start     0x080004b9        Code  Gb  cstartup_M.o [5]
__iar_systems$$module {Abs}
                        0x00000001        Data  Gb  command line/config [2]
__low_level_init        0x0800047f   0x4  Code  Gb  low_level_init.o [3]
__vector_table          0x08000000        Data  Gb  startup_stm32f303xc.o [1]
_call_main              0x08000471        Code  Gb  cmain.o [5]
_exit                   0x08000489        Code  Gb  cexit.o [5]
_main                   0x0800047b        Code  Gb  cmain.o [5]
exit                    0x08000483   0x4  Code  Gb  exit.o [3]
main                    0x08000423  0x18  Code  Gb  main.o [1]


[1] = D:\github\clenflight\iar_cf\Debug\Obj
[2] = command line
[3] = dl7M_tln.a
[4] = m7M_tls.a
[5] = rt7M_tl.a
[6] = shb_l.a

  1 484 bytes of readonly  code memory
  8 192 bytes of readwrite data memory

Errors: none
Warnings: none
